[demo3.skyvietnam.vn/M001/index.html]
[backblue.gif]
[fade.gif]
[index.html]
[demo3.skyvietnam.vn/M001/upload/files/favicon.png]
[demo3.skyvietnam.vn/M001/skin/frontend/css/bootstrap.min.css]
[demo3.skyvietnam.vn/M001/skin/frontend/css/owl.carousel.css]
[demo3.skyvietnam.vn/M001/skin/frontend/css/owl.theme.css]
[demo3.skyvietnam.vn/M001/skin/frontend/font-awesome/css/font-awesome.min.css]
[demo3.skyvietnam.vn/M001/skin/frontend/css/style.css]
[demo3.skyvietnam.vn/M001/skin/frontend/css/add.css]
[demo3.skyvietnam.vn/M001/skin/frontend/css/responsive.css]
[demo3.skyvietnam.vn/M001/skin/frontend/css/theme-default.css]
[demo3.skyvietnam.vn/M001/skin/frontend/js/bootstrap.min.js]
[demo3.skyvietnam.vn/M001/skin/frontend/js/custom.js]
[demo3.skyvietnam.vn/M001/skin/frontend/js/owl.carousel.js]
[demo3.skyvietnam.vn/M001/skin/frontend/js/cart.js]
[connect.facebook.net/vi_VN/sdk.js]
[demo3.skyvietnam.vn/M001/skin/frontend/js/jquery-3.1.1.min.js]
[demo3.skyvietnam.vn/M001/skin/frontend/js/jquery.form-validator.min.js]
[megaweb.com.vn/upload/images/megaweb-cong-ty-thiet-ke-website-chuyen-nghiep-chuan-seo.png]
[demo3.skyvietnam.vn/M001/gio-hang.html]
[demo3.skyvietnam.vn/M001/san-pham-noi-bat.html]
[demo3.skyvietnam.vn/M001/skin/frontend/img/hot.gif]
[demo3.skyvietnam.vn/M001/san-pham-khuyen-mai.html]
[demo3.skyvietnam.vn/M001/ban-tra-gop.html]
[demo3.skyvietnam.vn/M001/tuyen-dung.html]
[demo3.skyvietnam.vn/M001/dich-vu.html]
[demo3.skyvietnam.vn/M001/khach-hang.html]
[demo3.skyvietnam.vn/M001/khach-hang-to-chuc.html]
[demo3.skyvietnam.vn/M001/upload/images/icon/dogiadung.png]
[demo3.skyvietnam.vn/M001/doi-tac-van-chuyen.html]
[demo3.skyvietnam.vn/M001/tin-tuc.html]
[demo3.skyvietnam.vn/M001/upload/images/icon/diengiadung.png]
[demo3.skyvietnam.vn/M001/do-gia-dung.html]
[demo3.skyvietnam.vn/M001/upload/images/icon/maylocnuoc.png]
[demo3.skyvietnam.vn/M001/upload/images/icon/thietbinhabep.png]
[demo3.skyvietnam.vn/M001/dien-gia-dung.html]
[demo3.skyvietnam.vn/M001/may-loc-nuoc.html]
[demo3.skyvietnam.vn/M001/upload/images/icon/thietbicongnghiep.png]
[demo3.skyvietnam.vn/M001/thiet-bi-nha-bep.html]
[demo3.skyvietnam.vn/M001/upload/images/icon/diendandung.png]
[demo3.skyvietnam.vn/M001/thiet-bi-cong-nghiep.html]
[demo3.skyvietnam.vn/M001/upload/images/icon/dodungcanhan.png]
[demo3.skyvietnam.vn/M001/dien-dan-dung.html]
[demo3.skyvietnam.vn/M001/upload/images/icon/khac.png]
[demo3.skyvietnam.vn/M001/do-dung-ca-nhan.html]
[demo3.skyvietnam.vn/M001/san-pham-khac.html]
[demo3.skyvietnam.vn/M001/upload/images/slideshow/slider1.jpg]
[demo3.skyvietnam.vn/M001/skin/frontend/js/jquery.nivo.slider.js]
[demo3.skyvietnam.vn/M001/upload/images/slideshow/slide08-02.jpg]
[demo3.skyvietnam.vn/M001/upload/images/slideshow/slide08-01.jpg]
[demo3.skyvietnam.vn/M001/upload/images/quang-cao/qc1.jpg]
[demo3.skyvietnam.vn/M001/upload/images/quang-cao/qc2.jpg]
[demo3.skyvietnam.vn/M001/upload/images/quang-cao/qc3.jpg]
[demo3.skyvietnam.vn/M001/upload/images/quang-cao/qc4.jpg]
[demo3.skyvietnam.vn/M001/ban-ui-kho-sunhouse.html]
[demo3.skyvietnam.vn/M001/upload/images/product/demo08-01.jpg]
[demo3.skyvietnam.vn/M001/am-sieu-toc-inox-1-8l.html]
[demo3.skyvietnam.vn/M001/upload/images/product/demo08-02.jpg]
[demo3.skyvietnam.vn/M001/upload/images/product/demo08-03.jpg]
[demo3.skyvietnam.vn/M001/noi-ap-suat-da-nang.html]
[demo3.skyvietnam.vn/M001/upload/images/product/demo08-06.jpg]
[demo3.skyvietnam.vn/M001/upload/images/product/demo08-11.jpg]
[demo3.skyvietnam.vn/M001/may-massage-cam-tay.html]
[demo3.skyvietnam.vn/M001/ban-ui-kho-sunhouse-2.html]
[demo3.skyvietnam.vn/M001/am-sieu-toc-inox-1-8l-2.html]
[demo3.skyvietnam.vn/M001/chảo-tron-sunhouse-2.html]
[demo3.skyvietnam.vn/M001/upload/images/product/demo08-04.jpg]
[demo3.skyvietnam.vn/M001/noi-ap-suat-da-nang-2.html]
[demo3.skyvietnam.vn/M001/noi-lau-tu-1-day.html]
[demo3.skyvietnam.vn/M001/may-massage-cam-tay-2.html]
[demo3.skyvietnam.vn/M001/skin/frontend/js/jquery.simplyscroll.min.js]
[demo3.skyvietnam.vn/M001/am-sieu-toc-inox-1-8l-3.html]
[demo3.skyvietnam.vn/M001/upload/images/thuong-hieu/logo2.png]
[demo3.skyvietnam.vn/M001/upload/images/thuong-hieu/logo3.png]
[demo3.skyvietnam.vn/M001/upload/images/thuong-hieu/logo4.png]
[demo3.skyvietnam.vn/M001/upload/images/thuong-hieu/logo5.png]
[demo3.skyvietnam.vn/M001/upload/images/thuong-hieu/logo6.png]
[demo3.skyvietnam.vn/M001/upload/images/thuong-hieu/logo7.png]
[demo3.skyvietnam.vn/M001/upload/images/thuong-hieu/logo8.png]
[demo3.skyvietnam.vn/M001/upload/images/thuong-hieu/logo1.png]
[demo3.skyvietnam.vn/M001/upload/images/tin-tuc/img.jpg]
[demo3.skyvietnam.vn/M001/den-suoi-nha-tam-hang-chau-au-gia-re-hon-hang-chau-a-nguyen-nhan-do-dau.html]
[demo3.skyvietnam.vn/M001/thong-diep-qua-tung-buc-tranh-theu.html]
[demo3.skyvietnam.vn/M001/cach-lam-tranh-gan-da-voi-3-buoc-don-gian.html]
[demo3.skyvietnam.vn/M001/upload/images/quang-cao/qcleft.jpg]
[demo3.skyvietnam.vn/M001/upload/images/quang-cao/qc6.jpg]
[demo3.skyvietnam.vn/M001/n.html]
[demo3.skyvietnam.vn/M001/upload/images/quang-cao/qc7.jpg]
[demo3.skyvietnam.vn/M001/gioi-thieu.html]
[demo3.skyvietnam.vn/M001/chinh-sach-ban-hang.html]
[demo3.skyvietnam.vn/M001/chinh-sach-doi-tra-hang.html]
[demo3.skyvietnam.vn/M001/phien-ban-mobile.html]
[demo3.skyvietnam.vn/M001/lien-he.html]
[demo3.skyvietnam.vn/M001/mua-hang-tu-xa.html]
[demo3.skyvietnam.vn/M001/chinh-sach-bao-hanh.html]
[demo3.skyvietnam.vn/M001/mua-hang-tra-gop.html]
[demo3.skyvietnam.vn/M001/them-san-pham.html]
[demo3.skyvietnam.vn/M001/index.html]
[demo3.skyvietnam.vn/M001/skin/frontend/css/bootstrap.min.css]
[demo3.skyvietnam.vn/M001/skin/frontend/js/wow.min.js]
[demo3.skyvietnam.vn/M001/skin/frontend/css/grabbing.png]
[demo3.skyvietnam.vn/M001/skin/frontend/css/owl.carousel.css]
[demo3.skyvietnam.vn/M001/skin/frontend/css/AjaxLoader.gif]
[demo3.skyvietnam.vn/M001/skin/frontend/css/owl.theme.css]
[demo3.skyvietnam.vn/M001/skin/frontend/font-awesome/fonts/fontawesome-webfont3e6e.eot]
[demo3.skyvietnam.vn/M001/skin/frontend/font-awesome/fonts/fontawesome-webfont3e6e.woff2]
[demo3.skyvietnam.vn/M001/skin/frontend/font-awesome/fonts/fontawesome-webfont3e6e.woff]
[demo3.skyvietnam.vn/M001/skin/frontend/font-awesome/css/font-awesome.min.css]
[demo3.skyvietnam.vn/M001/skin/frontend/font-awesome/fonts/fontawesome-webfont3e6e.svg]
[demo3.skyvietnam.vn/M001/skin/frontend/fonts/OpenSans-Regular.ttf]
[demo3.skyvietnam.vn/M001/skin/frontend/images/bg-logo.png]
[demo3.skyvietnam.vn/M001/skin/frontend/images/icon-menu.png]
[demo3.skyvietnam.vn/M001/skin/frontend/images/background-sua-may.jpg]
[demo3.skyvietnam.vn/M001/skin/frontend/images/arrow-down.png]
[demo3.skyvietnam.vn/M001/skin/frontend/images/icon_quote.png]
[demo3.skyvietnam.vn/M001/skin/frontend/images/line-feel.png]
[demo3.skyvietnam.vn/M001/skin/frontend/images/nav-67-67.png]
[demo3.skyvietnam.vn/M001/skin/frontend/img/cd-top-arrow.svg]
[demo3.skyvietnam.vn/M001/skin/frontend/images/icon-down.png]
[tinypic.com/images/goodbye.jpg]
[demo3.skyvietnam.vn/M001/skin/frontend/css/style.css]
[demo3.skyvietnam.vn/M001/skin/frontend/css/buttons.png]
[demo3.skyvietnam.vn/M001/skin/frontend/fonts/UVFAphroditePro.ttf]
[demo3.skyvietnam.vn/M001/skin/frontend/img/borderl.png]
[demo3.skyvietnam.vn/M001/skin/frontend/images/bongli.png]
[demo3.skyvietnam.vn/M001/skin/frontend/images/bkg_menu.png]
[demo3.skyvietnam.vn/M001/skin/frontend/images/bg_line.jpg]
[demo3.skyvietnam.vn/M001/skin/frontend/images/iconsa.png]
[demo3.skyvietnam.vn/M001/skin/frontend/css/add.css]
[demo3.skyvietnam.vn/M001/skin/frontend/css/responsive.css]
[demo3.skyvietnam.vn/M001/skin/frontend/css/theme-default.css]
[connect.facebook.net/vi_VN/sdk.js]
[demo3.skyvietnam.vn/M001/gio-hang.html]
[demo3.skyvietnam.vn/M001/san-pham-noi-bat.html]
[demo3.skyvietnam.vn/M001/san-pham-khuyen-mai.html]
[demo3.skyvietnam.vn/M001/ban-tra-gop.html]
[demo3.skyvietnam.vn/M001/tuyen-dung.html]
[demo3.skyvietnam.vn/M001/dich-vu.html]
[demo3.skyvietnam.vn/M001/khach-hang.html]
[demo3.skyvietnam.vn/M001/khach-hang-to-chuc.html]
[demo3.skyvietnam.vn/M001/doi-tac-van-chuyen.html]
[demo3.skyvietnam.vn/M001/upload/images/tin-tuc/art.png]
[demo3.skyvietnam.vn/M001/ga-trai-giuong-va-cach-chon-mua-chuan.html]
[demo3.skyvietnam.vn/M001/tranh-theu-tay-sang-chanh-phong-khach.html]
[demo3.skyvietnam.vn/M001/hang-tranh-theu-chu-thap-tot-nhat-hien-nay.html]
[demo3.skyvietnam.vn/M001/tin-tuc.html]
[demo3.skyvietnam.vn/M001/tranh-gan-da-chay-hang-dip-cuoi-nam.html]
[demo3.skyvietnam.vn/M001/do-gia-dung.html]
[demo3.skyvietnam.vn/M001/dien-gia-dung.html]
[demo3.skyvietnam.vn/M001/do-gia-dung33c3.html]
[demo3.skyvietnam.vn/M001/may-loc-nuoc.html]
[demo3.skyvietnam.vn/M001/thiet-bi-nha-bep.html]
[demo3.skyvietnam.vn/M001/thiet-bi-cong-nghiep.html]
[demo3.skyvietnam.vn/M001/dien-dan-dung.html]
[demo3.skyvietnam.vn/M001/do-dung-ca-nhan.html]
[demo3.skyvietnam.vn/M001/san-pham-khac.html]
[demo3.skyvietnam.vn/M001/ban-ui-kho-sunhouse.html]
[demo3.skyvietnam.vn/M001/upload/images/product/pro1.png]
[demo3.skyvietnam.vn/M001/upload/images/product/pro1(1).png]
[demo3.skyvietnam.vn/M001/skin/frontend/js/jquery.elevatezoom.js]
[demo3.skyvietnam.vn/M001/upload/images/product/pro1(2).png]
[demo3.skyvietnam.vn/M001/upload/images/product/pro2.png]
[demo3.skyvietnam.vn/M001/upload/images/product/pro2(1).png]
[demo3.skyvietnam.vn/M001/upload/images/product/pro3.png]
[demo3.skyvietnam.vn/M001/upload/images/product/pro4.png]
[demo3.skyvietnam.vn/M001/upload/images/product/pro6.png]
[demo3.skyvietnam.vn/M001/am-sieu-toc-inox-1-8l.html]
[demo3.skyvietnam.vn/M001/noi-ap-suat-da-nang.html]
[demo3.skyvietnam.vn/M001/may-massage-cam-tay.html]
[demo3.skyvietnam.vn/M001/ban-ui-kho-sunhouse-2.html]
[demo3.skyvietnam.vn/M001/am-sieu-toc-inox-1-8l-2.html]
[demo3.skyvietnam.vn/M001/skin/404/css/reset.css]
[demo3.skyvietnam.vn/M001/chảo-tron-sunhouse]
[demo3.skyvietnam.vn/M001/skin/404/css/skeleton.css]
[demo3.skyvietnam.vn/M001/skin/404/css/style.css]
[demo3.skyvietnam.vn/M001/skin/404/css/colors-blue.css]
[demo3.skyvietnam.vn/M001/skin/404/css/customizer.css]
[ajax.googleapis.com/ajax/libs/jquery/1.7.2/jquery.min.js]
[demo3.skyvietnam.vn/M001/skin/404/js/jquery-animate-css-rotate-scale.js]
[demo3.skyvietnam.vn/M001/skin/404/js/customizer.js]
[demo3.skyvietnam.vn/M001/skin/404/img/404.png]
[demo3.skyvietnam.vn/M001/skin/404/img/403.png]
[demo3.skyvietnam.vn/M001/skin/frontend/js/addthis_widget.js]
[demo3.skyvietnam.vn/M001/skin/404/img/logo.png]
[demo3.skyvietnam.vn/M001/chảo-tron-sunhouse-2.html]
[demo3.skyvietnam.vn/M001/noi-ap-suat-da-nang-2.html]
[demo3.skyvietnam.vn/M001/noi-lau-tu-1-day.html]
[demo3.skyvietnam.vn/M001/may-massage-cam-tay-2.html]
[demo3.skyvietnam.vn/M001/am-sieu-toc-inox-1-8l-3.html]
[genknews.genkcdn.vn/2017/10-copy-1483253653904.jpg]
[genknews.genkcdn.vn/2017/11-copy-1483253678443.jpg]
[genknews.genkcdn.vn/2017/13-copy-1483253793870.jpg]
[genknews.genkcdn.vn/2017/12-copy-1483253718638.jpg]
[genknews.genkcdn.vn/2017/img-20161229-190518-copy-1483522118697.jpg]
[genknews.genkcdn.vn/2017/img-20161229-190414-copy-1483522286986.jpg]
[genknews.genkcdn.vn/2017/1-copy-1483253416283.jpg]
[genknews.genkcdn.vn/2017/2-copy-1483253432698.jpg]
[genknews.genkcdn.vn/2017/3-copy-1483253446042.jpg]
[genknews.genkcdn.vn/2017/5-copy-1483253461333.jpg]
[genknews.genkcdn.vn/2017/4-copy-1483253477970.jpg]
[genknews.genkcdn.vn/2017/5a-copy-1483253510307.jpg]
[genknews.genkcdn.vn/2017/6-copy-1483253535208.jpg]
[genknews.genkcdn.vn/2017/7-copy-1483253553472.jpg]
[genknews.genkcdn.vn/2017/9-copy-1483253576807.png]
[genknews.genkcdn.vn/2017/8-copy-1483253601912.jpg]
[demo3.skyvietnam.vn/M001/tranh-theu-voi-van-hoa-trong-dong.html]
[demo3.skyvietnam.vn/M001/tranh-gan-da-phu-the-vien-man-bi-quyet-giu-lua-hanh-phuc-gia-dinh.html]
[demo3.skyvietnam.vn/M001/den-suoi-nha-tam-hang-chau-au-gia-re-hon-hang-chau-a-nguyen-nhan-do-dau.html]
[demo3.skyvietnam.vn/M001/thong-diep-qua-tung-buc-tranh-theu.html]
[demo3.skyvietnam.vn/M001/cach-lam-tranh-gan-da-voi-3-buoc-don-gian.html]
[demo3.skyvietnam.vn/M001/n.html]
[demo3.skyvietnam.vn/M001/gioi-thieu.html]
[demo3.skyvietnam.vn/M001/chinh-sach-ban-hang.html]
[demo3.skyvietnam.vn/M001/chinh-sach-doi-tra-hang.html]
[demo3.skyvietnam.vn/M001/phien-ban-mobile.html]
[demo3.skyvietnam.vn/M001/lien-he.html]
[demo3.skyvietnam.vn/M001/mua-hang-tu-xa.html]
[demo3.skyvietnam.vn/M001/chinh-sach-bao-hanh.html]
[demo3.skyvietnam.vn/M001/mua-hang-tra-gop.html]
[demo3.skyvietnam.vn/M001/them-san-pham.html]
[demo3.skyvietnam.vn/M001/skin/frontend/css/grabbing.html]
[demo3.skyvietnam.vn/M001/skin/frontend/css/AjaxLoader.html]
[demo3.skyvietnam.vn/M001/skin/frontend/font-awesome/fonts/fontawesome-webfontd41d.eot]
[demo3.skyvietnam.vn/M001/skin/frontend/font-awesome/fonts/fontawesome-webfont3e6e.ttf]
[demo3.skyvietnam.vn/M001/skin/frontend/font-awesome/fonts/fontawesome-webfont3e6e.svg]
[demo3.skyvietnam.vn/M001/skin/frontend/images/line-feel.html]
[demo3.skyvietnam.vn/M001/skin/frontend/img/cd-top-arrow.svg]
[demo3.skyvietnam.vn/M001/skin/frontend/css/buttons.html]
[demo3.skyvietnam.vn/M001/skin/frontend/fonts/UVFAphroditePro.html]
[demo3.skyvietnam.vn/M001/skin/frontend/images/bongli.html]
[demo3.skyvietnam.vn/Images/icon-email.html]
[demo3.skyvietnam.vn/M001/skin/frontend/images/bkg_menu.html]
[demo3.skyvietnam.vn/M001/skin/frontend/images/bg_line.html]
[demo3.skyvietnam.vn/M001/skin/frontend/images/iconsa.html]
[demo3.skyvietnam.vn/M001/ga-trai-giuong-va-cach-chon-mua-chuan.html]
[demo3.skyvietnam.vn/M001/tranh-theu-tay-sang-chanh-phong-khach.html]
[demo3.skyvietnam.vn/M001/hang-tranh-theu-chu-thap-tot-nhat-hien-nay.html]
[demo3.skyvietnam.vn/M001/tranh-gan-da-chay-hang-dip-cuoi-nam.html]
[demo3.skyvietnam.vn/M001/do-gia-dungd41d.html]
[demo3.skyvietnam.vn/M001/do-gia-dung33c3.html]
[demo3.skyvietnam.vn/M001/upload/images/product/pro1.html]
[demo3.skyvietnam.vn/M001/upload/images/product/pro1(1).html]
[demo3.skyvietnam.vn/M001/upload/images/product/pro1(2).html]
[demo3.skyvietnam.vn/M001/upload/images/product/pro2.html]
[demo3.skyvietnam.vn/M001/upload/images/product/pro2(1).html]
[demo3.skyvietnam.vn/M001/upload/images/product/pro3.html]
[demo3.skyvietnam.vn/M001/upload/images/product/pro4.html]
[demo3.skyvietnam.vn/M001/upload/images/product/pro6.html]
[demo3.skyvietnam.vn/M001/chảo-tron-sunhouse]
[demo3.skyvietnam.vn/M001/skin/404/css/reset.css]
[demo3.skyvietnam.vn/M001/skin/404/css/skeleton.css]
[demo3.skyvietnam.vn/M001/skin/404/img/background.png]
[demo3.skyvietnam.vn/M001/skin/404/css/style.css]
[demo3.skyvietnam.vn/M001/skin/404/css/colors-blue.css]
[demo3.skyvietnam.vn/M001/skin/404/css/customizer.css]
[demo3.skyvietnam.vn/M001/tranh-theu-voi-van-hoa-trong-dong.html]
[demo3.skyvietnam.vn/M001/tranh-gan-da-phu-the-vien-man-bi-quyet-giu-lua-hanh-phuc-gia-dinh.html]
[demo3.skyvietnam.vn/M001/do-gia-dungd41d.html]
